Microchip MPLAB XC8 Compiler V1.38 ()

Linker command line:

-W-3 --edf=C:\Program Files (x86)\Microchip\xc8\v1.38\dat\en_msgs.txt -cs \
  -h+dist/default/production\12F1572_Pumpkin_Badge.X_-_ORIG.production.sym \
  --cmf=dist/default/production\12F1572_Pumpkin_Badge.X_-_ORIG.production.cmf \
  -z -Q12F1572 -oC:\Users\WESLEY~1\AppData\Local\Temp\segk.2 \
  -Mdist/default/production/12F1572_Pumpkin_Badge.X_-_ORIG.production.map \
  -E1 -ver=XC8 -ASTACK=0205Ah-020efh -pstack=STACK -ACODE=00h-07FFh \
  -ASTRCODE=00h-07FFh -ASTRING=00h-0FFhx8 -ACONST=00h-0FFhx8 \
  -AENTRY=00h-0FFhx8 -ACOMMON=070h-07Fh -ABANK0=020h-06Fh -ABANK1=0A0h-0EFh \
  -ABANK2=0120h-016Fh -ABIGRAM=02000h-020EFh \
  -ARAM=020h-06Fh,0A0h-0EFh,0120h-016Fh \
  -AABS1=020h-07Fh,0A0h-0EFh,0120h-016Fh -ASFR0=00h-01Fh -ASFR1=080h-09Fh \
  -ASFR2=0100h-011Fh -ASFR3=0180h-01EFh -ASFR4=0200h-026Fh \
  -ASFR5=0280h-02EFh -ASFR6=0300h-036Fh -ASFR7=0380h-03EFh \
  -ASFR8=0400h-046Fh -ASFR9=0480h-04EFh -ASFR10=0500h-056Fh \
  -ASFR11=0580h-05EFh -ASFR12=0600h-066Fh -ASFR13=0680h-06EFh \
  -ASFR14=0700h-076Fh -ASFR15=0780h-07EFh -ASFR16=0800h-086Fh \
  -ASFR17=0880h-08EFh -ASFR18=0900h-096Fh -ASFR19=0980h-09EFh \
  -ASFR20=0A00h-0A6Fh -ASFR21=0A80h-0AEFh -ASFR22=0B00h-0B6Fh \
  -ASFR23=0B80h-0BEFh -ASFR24=0C00h-0C6Fh -ASFR25=0C80h-0CEFh \
  -ASFR26=0D00h-0D6Fh -ASFR27=0D80h-0DEFh -ASFR28=0E00h-0E6Fh \
  -ASFR29=0E80h-0EEFh -ASFR30=0F00h-0F6Fh -ASFR31=0F80h-0FEFh \
  -preset_vec=00h,intentry,init,end_init -ppowerup=CODE -pcinit=CODE \
  -pfunctab=CODE -ACONFIG=08007h-08008h -pconfig=CONFIG -DCONFIG=2 \
  -AIDLOC=08000h-08003h -pidloc=IDLOC -DIDLOC=2 -DCODE=2 -DSTRCODE=2 \
  -DSTRING=2 -DCONST=2 -DENTRY=2 -k \
  C:\Users\WESLEY~1\AppData\Local\Temp\segk.obj \
  dist/default/production\12F1572_Pumpkin_Badge.X_-_ORIG.production.obj 

Object code version is 3.11

Machine type is 12F1572



                Name                               Link     Load   Length Selector   Space Scale
C:\Users\WESLEY~1\AppData\Local\Temp\segk.obj
                end_init                              1        1        1        0       0
                reset_vec                             0        0        1        0       0
                config                             8007     8007        2    1000E       0
dist/default/production\12F1572_Pumpkin_Badge.X_-_ORIG.production.obj
                cinit                               7D3      7D3       2D      FA6       0
                text22                              276      276        D      4EC       0
                text21                              23E      23E        8      47C       0
                text20                              283      283        F      506       0
                text19                              260      260        A      4C0       0
                text18                              246      246        8      48C       0
                text17                              320      320       2B      640       0
                text16                              24E      24E        9      49C       0
                text15                              417      417       5D      82E       0
                text14                              2DE      2DE       1D      5BC       0
                text13                              257      257        9      4AE       0
                text12                              2FB      2FB       25      5F6       0
                text11                              292      292       15      524       0
                text10                              34B      34B       34      696       0
                text9                               26A      26A        C      4D4       0
                text8                               2C2      2C2       1C      584       0
                text7                               37F      37F       3E      6FE       0
                text6                               2A7      2A7       1B      54E       0
                text5                               532      532       B2      A64       0
                text4                               4D2      4D2       60      9A4       0
                text3                               3BD      3BD       5A      77A       0
                text2                               474      474       5E      8E8       0
                text1                               23A      23A        4      474       0
                maintext                            5E4      5E4      1EF      BC8       0
                cstackBANK0                          20       20       39       20       1
                cstackCOMMON                         70       70        E       70       1
                dataBANK1                            A0       A0        A       A0       1
                dataBANK0                            59       59        8       20       1
                bssBANK0                             61       61        6       20       1

TOTAL           Name                               Link     Load   Length     Space
        CLASS   STACK          

        CLASS   CODE           
                end_init                              1        1        1         0
                cinit                               7D3      7D3       2D         0
                reset_vec                             0        0        1         0
                text22                              276      276        D         0
                text21                              23E      23E        8         0
                text20                              283      283        F         0
                text19                              260      260        A         0
                text18                              246      246        8         0
                text17                              320      320       2B         0
                text16                              24E      24E        9         0
                text15                              417      417       5D         0
                text14                              2DE      2DE       1D         0
                text13                              257      257        9         0
                text12                              2FB      2FB       25         0
                text11                              292      292       15         0
                text10                              34B      34B       34         0
                text9                               26A      26A        C         0
                text8                               2C2      2C2       1C         0
                text7                               37F      37F       3E         0
                text6                               2A7      2A7       1B         0
                text5                               532      532       B2         0
                text4                               4D2      4D2       60         0
                text3                               3BD      3BD       5A         0
                text2                               474      474       5E         0
                text1                               23A      23A        4         0
                maintext                            5E4      5E4      1EF         0

        CLASS   STRCODE        

        CLASS   STRING         

        CLASS   CONST          

        CLASS   ENTRY          

        CLASS   COMMON         
                cstackCOMMON                         70       70        E         1

        CLASS   BANK0          
                cstackBANK0                          20       20       39         1
                dataBANK0                            59       59        8         1
                bssBANK0                             61       61        6         1

        CLASS   BANK1          
                dataBANK1                            A0       A0        A         1

        CLASS   BANK2          

        CLASS   BIGRAM         

        CLASS   RAM            

        CLASS   ABS1           
                abs_s1                               7E       7E        2         1

        CLASS   SFR0           

        CLASS   SFR1           

        CLASS   SFR2           

        CLASS   SFR3           

        CLASS   SFR4           

        CLASS   SFR5           

        CLASS   SFR6           

        CLASS   SFR7           

        CLASS   SFR8           

        CLASS   SFR9           

        CLASS   SFR10          

        CLASS   SFR11          

        CLASS   SFR12          

        CLASS   SFR13          

        CLASS   SFR14          

        CLASS   SFR15          

        CLASS   SFR16          

        CLASS   SFR17          

        CLASS   SFR18          

        CLASS   SFR19          

        CLASS   SFR20          

        CLASS   SFR21          

        CLASS   SFR22          

        CLASS   SFR23          

        CLASS   SFR24          

        CLASS   SFR25          

        CLASS   SFR26          

        CLASS   SFR27          

        CLASS   SFR28          

        CLASS   SFR29          

        CLASS   SFR30          

        CLASS   SFR31          

        CLASS   CONFIG         
                config                             8007     8007        2         0

        CLASS   IDLOC          

        CLASS   BANK31         

        CLASS   BANK30         

        CLASS   BANK29         

        CLASS   BANK28         

        CLASS   BANK27         

        CLASS   BANK26         

        CLASS   BANK25         

        CLASS   BANK24         

        CLASS   BANK23         

        CLASS   BANK22         

        CLASS   BANK21         

        CLASS   BANK20         

        CLASS   BANK19         

        CLASS   BANK18         

        CLASS   BANK17         

        CLASS   BANK16         

        CLASS   BANK15         

        CLASS   BANK14         

        CLASS   BANK13         

        CLASS   BANK12         

        CLASS   BANK11         

        CLASS   BANK10         

        CLASS   BANK9          

        CLASS   BANK8          

        CLASS   BANK7          

        CLASS   BANK6          

        CLASS   BANK5          

        CLASS   BANK4          

        CLASS   BANK3          

        CLASS   EEDATA         



SEGMENTS        Name                           Load    Length   Top    Selector   Space  Class     Delta

                reset_vec                      000000  000002  000002         0       0  CODE        2
                cstackBANK0                    000020  000047  000067        20       1  BANK0       1
                cstackCOMMON                   000070  00000E  00007E        70       1  COMMON      1
                dataBANK1                      0000A0  00000A  0000AA        A0       1  BANK1       1
                text1                          00023A  000004  00023E       474       0  CODE        2
                text21                         00023E  000008  000246       47C       0  CODE        2
                text18                         000246  000008  00024E       48C       0  CODE        2
                text16                         00024E  000009  000257       49C       0  CODE        2
                text13                         000257  000009  000260       4AE       0  CODE        2
                text19                         000260  00000A  00026A       4C0       0  CODE        2
                text9                          00026A  00000C  000276       4D4       0  CODE        2
                text22                         000276  00000D  000283       4EC       0  CODE        2
                text20                         000283  00000F  000292       506       0  CODE        2
                text11                         000292  000015  0002A7       524       0  CODE        2
                text6                          0002A7  00001B  0002C2       54E       0  CODE        2
                text8                          0002C2  00001C  0002DE       584       0  CODE        2
                text14                         0002DE  00001D  0002FB       5BC       0  CODE        2
                text12                         0002FB  000025  000320       5F6       0  CODE        2
                text17                         000320  00002B  00034B       640       0  CODE        2
                text10                         00034B  000034  00037F       696       0  CODE        2
                text7                          00037F  00003E  0003BD       6FE       0  CODE        2
                text3                          0003BD  00005A  000417       77A       0  CODE        2
                text15                         000417  00005D  000474       82E       0  CODE        2
                text2                          000474  00005E  0004D2       8E8       0  CODE        2
                text4                          0004D2  000060  000532       9A4       0  CODE        2
                text5                          000532  0000B2  0005E4       A64       0  CODE        2
                maintext                       0005E4  0001EF  0007D3       BC8       0  CODE        2
                cinit                          0007D3  00002D  000800       FA6       0  CODE        2
                config                         008007  000002  008009     1000E       0  CONFIG      2


UNUSED ADDRESS RANGES

        Name                Unused          Largest block    Delta
        BANK0            00067-0006F               9           1
        BANK1            000AA-000EF              46           1
        BANK2            00120-0016F              50           1
        BIGRAM           02000-020EF              F0           1
        CODE             00002-00239             238           2
        CONST            00002-00239             100           2
        ENTRY            00002-00239             100           2
        IDLOC            08000-08003               4           2
        RAM              00067-0006F               9           1
                         000AA-000EF              46
                         00120-0016F              50
        SFR0             00000-0001F              20           1
        SFR1             00080-0009F              20           1
        SFR10            00500-0056F              70           1
        SFR11            00580-005EF              70           1
        SFR12            00600-0066F              70           1
        SFR13            00680-006EF              70           1
        SFR14            00700-0076F              70           1
        SFR15            00780-007EF              70           1
        SFR16            00800-0086F              70           1
        SFR17            00880-008EF              70           1
        SFR18            00900-0096F              70           1
        SFR19            00980-009EF              70           1
        SFR2             00100-0011F              20           1
        SFR20            00A00-00A6F              70           1
        SFR21            00A80-00AEF              70           1
        SFR22            00B00-00B6F              70           1
        SFR23            00B80-00BEF              70           1
        SFR24            00C00-00C6F              70           1
        SFR25            00C80-00CEF              70           1
        SFR26            00D00-00D6F              70           1
        SFR27            00D80-00DEF              70           1
        SFR28            00E00-00E6F              70           1
        SFR29            00E80-00EEF              70           1
        SFR3             00180-001EF              70           1
        SFR30            00F00-00F6F              70           1
        SFR31            00F80-00FEF              70           1
        SFR4             00200-0026F              70           1
        SFR5             00280-002EF              70           1
        SFR6             00300-0036F              70           1
        SFR7             00380-003EF              70           1
        SFR8             00400-0046F              70           1
        SFR9             00480-004EF              70           1
        STACK            0205A-020EF              96           1
        STRCODE          00002-00239             238           2
        STRING           00002-00239             100           2

                                  Symbol Table

?___awtoft                      cstackCOMMON 00078
?___ftadd                       cstackBANK0  0002F
?___ftdiv                       cstackBANK0  00020
?___ftpack                      cstackCOMMON 00070
?___fttol                       cstackBANK0  0003B
?___lwdiv                       cstackCOMMON 00076
?___wmul                        cstackCOMMON 00070
I2C_Write_Byte@Byte             cstackCOMMON 00071
I2C_Write_Byte@i                cstackCOMMON 00072
I2C_Write_Command@Command       cstackCOMMON 00074
I2C_Write_Command@Data          cstackCOMMON 00073
PCA9685_setAll@i                cstackBANK0  00021
PCA9685_setAll@value            cstackCOMMON 0007C
PCA9685_setAllOff@i             cstackBANK0  00020
PCA9685_setPWMFreq@freq         cstackCOMMON 0007C
PCA9685_setPWMFreq@prescale_val cstackBANK0  00049
PCA9685_setPWM_Full@led         cstackCOMMON 0007B
PCA9685_setPWM_Full@off_value   cstackCOMMON 00077
PCA9685_setPWM_Full@on_value    cstackCOMMON 00075
PCA9685_setPWM_Simple@led       cstackBANK0  00020
PCA9685_setPWM_Simple@value     cstackCOMMON 0007C
PL10                            text5        005DE
PL12                            maintext     007CE
PL14                            text4        0052E
PL16                            text2        004CD
PL2                             maintext     007BC
PL4                             text3        00410
PL6                             maintext     007C3
PL8                             maintext     007C8
PLED_setDC@setDC                cstackBANK0  00020
_ANSELA                         (abs)        0018C
_APFCONbits                     (abs)        0011D
_BTN_DETECT                     bssBANK0     00061
_EYE_CYCLE_1                    dataBANK0    00059
_I2C_Start                      text19       00260
_I2C_Stop                       text18       00246
_I2C_Write_Byte                 text17       00320
_I2C_Write_Command              text16       0024E
_InitCCT                        text22       00276
_InitI2C                        text21       0023E
_InitPWM                        text20       00283
_LATA                           (abs)        0010C
_LATAbits                       (abs)        0010C
_LEDMODE                        bssBANK0     00062
_MOUTH_CYCLE_1                  dataBANK1    000A0
_OSCCON                         (abs)        00099
_OSCSTAT                        (abs)        0009A
_OSCTUNE                        (abs)        00098
_PATTERN_HOLD_1                 bssBANK0     00063
_PATTERN_HOLD_2                 bssBANK0     00064
_PATTERN_HOLD_SW                bssBANK0     00065
_PCA9685_reset                  text9        0026A
_PCA9685_setAll                 text14       002DE
_PCA9685_setAllOff              text8        002C2
_PCA9685_setPWMFreq             text2        00474
_PCA9685_setPWM_Full            text15       00417
_PCA9685_setPWM_Simple          text13       00257
_PLED_setDC                     text10       0034B
_PORTAbits                      (abs)        0000C
_PWM1CLKCON                     (abs)        00D9E
_PWM1CON                        (abs)        00D9B
_PWM1DC                         (abs)        00D93
_PWM1LD                         (abs)        06CFF
_PWM1PH                         (abs)        00D91
_PWM1PR                         (abs)        00D95
_PWM_FADE_HOLD                  bssBANK0     00066
_TRISA                          (abs)        0008C
_TRISAbits                      (abs)        0008C
__CFG_BOREN$OFF                 (abs)        00000
__CFG_BORV$LO                   (abs)        00000
__CFG_CLKOUTEN$OFF              (abs)        00000
__CFG_CP$OFF                    (abs)        00000
__CFG_FOSC$INTOSC               (abs)        00000
__CFG_LPBOREN$OFF               (abs)        00000
__CFG_LVP$ON                    (abs)        00000
__CFG_MCLRE$OFF                 (abs)        00000
__CFG_PLLEN$ON                  (abs)        00000
__CFG_PWRTE$OFF                 (abs)        00000
__CFG_STVREN$ON                 (abs)        00000
__CFG_WDTE$OFF                  (abs)        00000
__CFG_WRT$OFF                   (abs)        00000
__Habs1                         abs1         00000
__Hbank0                        bank0        00000
__Hbank1                        bank1        00000
__Hbank10                       bank10       00000
__Hbank11                       bank11       00000
__Hbank12                       bank12       00000
__Hbank13                       bank13       00000
__Hbank14                       bank14       00000
__Hbank15                       bank15       00000
__Hbank16                       bank16       00000
__Hbank17                       bank17       00000
__Hbank18                       bank18       00000
__Hbank19                       bank19       00000
__Hbank2                        bank2        00000
__Hbank20                       bank20       00000
__Hbank21                       bank21       00000
__Hbank22                       bank22       00000
__Hbank23                       bank23       00000
__Hbank24                       bank24       00000
__Hbank25                       bank25       00000
__Hbank26                       bank26       00000
__Hbank27                       bank27       00000
__Hbank28                       bank28       00000
__Hbank29                       bank29       00000
__Hbank3                        bank3        00000
__Hbank30                       bank30       00000
__Hbank31                       bank31       00000
__Hbank4                        bank4        00000
__Hbank5                        bank5        00000
__Hbank6                        bank6        00000
__Hbank7                        bank7        00000
__Hbank8                        bank8        00000
__Hbank9                        bank9        00000
__Hbigram                       bigram       00000
__HbssBANK0                     bssBANK0     00000
__Hcinit                        cinit        00800
__Hclrtext                      clrtext      00000
__Hcode                         code         00000
__Hcommon                       common       00000
__Hconfig                       config       08009
__HcstackBANK0                  cstackBANK0  00000
__HcstackCOMMON                 cstackCOMMON 00000
__HdataBANK0                    dataBANK0    00000
__HdataBANK1                    dataBANK1    00000
__Heeprom_data                  eeprom_data  00000
__Hend_init                     end_init     00002
__Hfunctab                      functab      00000
__HidataBANK0                   idataBANK0   00000
__HidataBANK1                   idataBANK1   00000
__Hidloc                        idloc        00000
__Hinit                         init         00001
__Hintentry                     intentry     00001
__Hmaintext                     maintext     00000
__Hpa_nodes                     pa_nodes     00000
__Hpowerup                      powerup      00000
__Hram                          ram          00000
__Hreset_vec                    reset_vec    00001
__Hsfr0                         sfr0         00000
__Hsfr1                         sfr1         00000
__Hsfr10                        sfr10        00000
__Hsfr11                        sfr11        00000
__Hsfr12                        sfr12        00000
__Hsfr13                        sfr13        00000
__Hsfr14                        sfr14        00000
__Hsfr15                        sfr15        00000
__Hsfr16                        sfr16        00000
__Hsfr17                        sfr17        00000
__Hsfr18                        sfr18        00000
__Hsfr19                        sfr19        00000
__Hsfr2                         sfr2         00000
__Hsfr20                        sfr20        00000
__Hsfr21                        sfr21        00000
__Hsfr22                        sfr22        00000
__Hsfr23                        sfr23        00000
__Hsfr24                        sfr24        00000
__Hsfr25                        sfr25        00000
__Hsfr26                        sfr26        00000
__Hsfr27                        sfr27        00000
__Hsfr28                        sfr28        00000
__Hsfr29                        sfr29        00000
__Hsfr3                         sfr3         00000
__Hsfr30                        sfr30        00000
__Hsfr31                        sfr31        00000
__Hsfr4                         sfr4         00000
__Hsfr5                         sfr5         00000
__Hsfr6                         sfr6         00000
__Hsfr7                         sfr7         00000
__Hsfr8                         sfr8         00000
__Hsfr9                         sfr9         00000
__Hspace_0                      (abs)        08009
__Hspace_1                      (abs)        000AA
__Hspace_2                      (abs)        00000
__Hspace_3                      (abs)        00000
__Hstack                        stack        00000
__Hstrings                      strings      00000
__Htext                         text         00000
__Labs1                         abs1         00000
__Lbank0                        bank0        00000
__Lbank1                        bank1        00000
__Lbank10                       bank10       00000
__Lbank11                       bank11       00000
__Lbank12                       bank12       00000
__Lbank13                       bank13       00000
__Lbank14                       bank14       00000
__Lbank15                       bank15       00000
__Lbank16                       bank16       00000
__Lbank17                       bank17       00000
__Lbank18                       bank18       00000
__Lbank19                       bank19       00000
__Lbank2                        bank2        00000
__Lbank20                       bank20       00000
__Lbank21                       bank21       00000
__Lbank22                       bank22       00000
__Lbank23                       bank23       00000
__Lbank24                       bank24       00000
__Lbank25                       bank25       00000
__Lbank26                       bank26       00000
__Lbank27                       bank27       00000
__Lbank28                       bank28       00000
__Lbank29                       bank29       00000
__Lbank3                        bank3        00000
__Lbank30                       bank30       00000
__Lbank31                       bank31       00000
__Lbank4                        bank4        00000
__Lbank5                        bank5        00000
__Lbank6                        bank6        00000
__Lbank7                        bank7        00000
__Lbank8                        bank8        00000
__Lbank9                        bank9        00000
__Lbigram                       bigram       00000
__LbssBANK0                     bssBANK0     00000
__Lcinit                        cinit        007D3
__Lclrtext                      clrtext      00000
__Lcode                         code         00000
__Lcommon                       common       00000
__Lconfig                       config       08007
__LcstackBANK0                  cstackBANK0  00000
__LcstackCOMMON                 cstackCOMMON 00000
__LdataBANK0                    dataBANK0    00000
__LdataBANK1                    dataBANK1    00000
__Leeprom_data                  eeprom_data  00000
__Lend_init                     end_init     00001
__Lfunctab                      functab      00000
__LidataBANK0                   idataBANK0   00000
__LidataBANK1                   idataBANK1   00000
__Lidloc                        idloc        00000
__Linit                         init         00001
__Lintentry                     intentry     00001
__Lmaintext                     maintext     00000
__Lpa_nodes                     pa_nodes     00000
__Lpowerup                      powerup      00000
__Lram                          ram          00000
__Lreset_vec                    reset_vec    00000
__Lsfr0                         sfr0         00000
__Lsfr1                         sfr1         00000
__Lsfr10                        sfr10        00000
__Lsfr11                        sfr11        00000
__Lsfr12                        sfr12        00000
__Lsfr13                        sfr13        00000
__Lsfr14                        sfr14        00000
__Lsfr15                        sfr15        00000
__Lsfr16                        sfr16        00000
__Lsfr17                        sfr17        00000
__Lsfr18                        sfr18        00000
__Lsfr19                        sfr19        00000
__Lsfr2                         sfr2         00000
__Lsfr20                        sfr20        00000
__Lsfr21                        sfr21        00000
__Lsfr22                        sfr22        00000
__Lsfr23                        sfr23        00000
__Lsfr24                        sfr24        00000
__Lsfr25                        sfr25        00000
__Lsfr26                        sfr26        00000
__Lsfr27                        sfr27        00000
__Lsfr28                        sfr28        00000
__Lsfr29                        sfr29        00000
__Lsfr3                         sfr3         00000
__Lsfr30                        sfr30        00000
__Lsfr31                        sfr31        00000
__Lsfr4                         sfr4         00000
__Lsfr5                         sfr5         00000
__Lsfr6                         sfr6         00000
__Lsfr7                         sfr7         00000
__Lsfr8                         sfr8         00000
__Lsfr9                         sfr9         00000
__Lspace_0                      (abs)        00000
__Lspace_1                      (abs)        00000
__Lspace_2                      (abs)        00000
__Lspace_3                      (abs)        00000
__Lstack                        stack        00000
__Lstrings                      strings      00000
__Ltext                         text         00000
__S0                            (abs)        08009
__S1                            (abs)        000AA
__S2                            (abs)        00000
___awtoft                       text6        002A7
___awtoft@c                     cstackCOMMON 00078
___awtoft@sign                  cstackCOMMON 0007B
___ftadd                        text5        00532
___ftadd@exp1                   cstackBANK0  0003A
___ftadd@exp2                   cstackBANK0  00039
___ftadd@f1                     cstackBANK0  0002F
___ftadd@f2                     cstackBANK0  00032
___ftadd@sign                   cstackBANK0  00038
___ftdiv                        text4        004D2
___ftdiv@cntr                   cstackBANK0  00029
___ftdiv@exp                    cstackBANK0  0002D
___ftdiv@f1                     cstackBANK0  00023
___ftdiv@f2                     cstackBANK0  00020
___ftdiv@f3                     cstackBANK0  0002A
___ftdiv@sign                   cstackBANK0  0002E
___ftpack                       text7        0037F
___ftpack@arg                   cstackCOMMON 00070
___ftpack@exp                   cstackCOMMON 00073
___ftpack@sign                  cstackCOMMON 00074
___fttol                        text3        003BD
___fttol@exp1                   cstackBANK0  00047
___fttol@f1                     cstackBANK0  0003B
___fttol@lval                   cstackBANK0  00043
___fttol@sign1                  cstackBANK0  00042
___int_sp                       stack        00000
___latbits                      (abs)        00000
___lwdiv                        text12       002FB
___lwdiv@counter                cstackCOMMON 0007C
___lwdiv@dividend               cstackCOMMON 00078
___lwdiv@divisor                cstackCOMMON 00076
___lwdiv@quotient               cstackCOMMON 0007A
___sp                           stack        00000
___wmul                         text11       00292
___wmul@multiplicand            cstackCOMMON 00072
___wmul@multiplier              cstackCOMMON 00070
___wmul@product                 cstackCOMMON 00074
__end_ofPL10                    text5        005E4
__end_ofPL12                    maintext     007D3
__end_ofPL14                    text4        00532
__end_ofPL16                    text2        004D2
__end_ofPL2                     maintext     007C3
__end_ofPL4                     text3        00417
__end_ofPL6                     maintext     007C8
__end_ofPL8                     maintext     007CE
__end_of_I2C_Start              text19       0026A
__end_of_I2C_Stop               text18       0024E
__end_of_I2C_Write_Byte         text17       0034B
__end_of_I2C_Write_Command      text16       00257
__end_of_InitCCT                text22       00283
__end_of_InitI2C                text21       00246
__end_of_InitPWM                text20       00292
__end_of_PCA9685_reset          text9        00276
__end_of_PCA9685_setAll         text14       002FB
__end_of_PCA9685_setAllOff      text8        002DE
__end_of_PCA9685_setPWMFreq     text2        004CD
__end_of_PCA9685_setPWM_Full    text15       00474
__end_of_PCA9685_setPWM_Simple  text13       00260
__end_of_PLED_setDC             text10       0037F
__end_of___awtoft               text6        002C2
__end_of___ftadd                text5        005DE
__end_of___ftdiv                text4        0052E
__end_of___ftpack               text7        003BD
__end_of___fttol                text3        00410
__end_of___lwdiv                text12       00320
__end_of___wmul                 text11       002A7
__end_of__initialization        cinit        007FE
__end_of_initLEDArray           text1        0023E
__end_of_main                   maintext     007BC
__initialization                cinit        007D3
__pbssBANK0                     bssBANK0     00061
__pcstackBANK0                  cstackBANK0  00020
__pcstackCOMMON                 cstackCOMMON 00070
__pdataBANK0                    dataBANK0    00059
__pdataBANK1                    dataBANK1    000A0
__pidataBANK0                   idataBANK0   00000
__pidataBANK1                   idataBANK1   00000
__pmaintext                     maintext     005E4
__ptext1                        text1        0023A
__ptext10                       text10       0034B
__ptext11                       text11       00292
__ptext12                       text12       002FB
__ptext13                       text13       00257
__ptext14                       text14       002DE
__ptext15                       text15       00417
__ptext16                       text16       0024E
__ptext17                       text17       00320
__ptext18                       text18       00246
__ptext19                       text19       00260
__ptext2                        text2        00474
__ptext20                       text20       00283
__ptext21                       text21       0023E
__ptext22                       text22       00276
__ptext3                        text3        003BD
__ptext4                        text4        004D2
__ptext5                        text5        00532
__ptext6                        text6        002A7
__ptext7                        text7        0037F
__ptext8                        text8        002C2
__ptext9                        text9        0026A
__size_of_I2C_Start             (abs)        00000
__size_of_I2C_Stop              (abs)        00000
__size_of_I2C_Write_Byte        (abs)        00000
__size_of_I2C_Write_Command     (abs)        00000
__size_of_InitCCT               (abs)        00000
__size_of_InitI2C               (abs)        00000
__size_of_InitPWM               (abs)        00000
__size_of_PCA9685_reset         (abs)        00000
__size_of_PCA9685_setAll        (abs)        00000
__size_of_PCA9685_setAllOff     (abs)        00000
__size_of_PCA9685_setPWMFreq    (abs)        00000
__size_of_PCA9685_setPWM_Full   (abs)        00000
__size_of_PCA9685_setPWM_Simple (abs)        00000
__size_of_PLED_setDC            (abs)        00000
__size_of___awtoft              (abs)        00000
__size_of___ftadd               (abs)        00000
__size_of___ftdiv               (abs)        00000
__size_of___ftpack              (abs)        00000
__size_of___fttol               (abs)        00000
__size_of___lwdiv               (abs)        00000
__size_of___wmul                (abs)        00000
__size_of_initLEDArray          (abs)        00000
__size_of_main                  (abs)        00000
_initLEDArray                   text1        0023A
_main                           maintext     005E4
btemp                           (abs)        0007E
end_of_initialization           cinit        007FE
intlevel0                       functab      00000
intlevel1                       functab      00000
intlevel2                       functab      00000
intlevel3                       functab      00000
intlevel4                       functab      00000
intlevel5                       functab      00000
ltemp                           (abs)        0007E
ltemp0                          (abs)        0007E
ltemp1                          (abs)        00082
ltemp2                          (abs)        00086
ltemp3                          (abs)        00080
main@i                          cstackBANK0  0004C
main@i_141                      cstackBANK0  0004E
main@i_142                      cstackBANK0  00050
main@i_143                      cstackBANK0  00052
main@i_144                      cstackBANK0  00055
main@i_145                      cstackBANK0  00057
main@i_146                      cstackBANK0  00054
reset_vec                       reset_vec    00000
stackhi                         (abs)        020EF
stacklo                         (abs)        0205A
start                           init         00001
start_initialization            cinit        007D3
ttemp                           (abs)        0007E
ttemp0                          (abs)        0007E
ttemp1                          (abs)        00081
ttemp2                          (abs)        00084
ttemp3                          (abs)        00087
ttemp4                          (abs)        0007F
wtemp                           (abs)        0007E
wtemp0                          (abs)        0007E
wtemp1                          (abs)        00080
wtemp2                          (abs)        00082
wtemp3                          (abs)        00084
wtemp4                          (abs)        00086
wtemp5                          (abs)        00088
wtemp6                          (abs)        0007F


FUNCTION INFORMATION:

 *************** function _main *****************
 Defined at:
		line 80 in file "main.c"
 Parameters:    Size  Location     Type
		None
 Auto vars:     Size  Location     Type
  i               2   55[BANK0 ] int 
  i               2   53[BANK0 ] int 
  i               2   50[BANK0 ] int 
  i               2   48[BANK0 ] int 
  i               2   46[BANK0 ] int 
  i               2   44[BANK0 ] int 
  i               1   52[BANK0 ] unsigned char 
 Return value:  Size  Location     Type
                  1    wreg      void 
 Registers used:
		wreg, fsr1l, fsr1h, status,2, status,0, pclath, cstack
 Tracked objects:
		On entry : 
		On exit  : 
		Unchanged: 
 Data sizes:     COMMON   BANK0   BANK1   BANK2
      Params:         0       0       0       0
      Locals:         0      13       0       0
      Temps:          0       2       0       0
      Totals:         0      15       0       0
Total ram usage:       15 bytes
 Hardware stack levels required when called:    5
 This function calls:
		_InitCCT
		_InitI2C
		_InitPWM
		_PCA9685_setAll
		_PCA9685_setAllOff
		_PCA9685_setPWM_Simple
		_PLED_setDC
		_initLEDArray
 This function is called by:
		Startup code after reset
 This function uses a non-reentrant model


 *************** function _initLEDArray *****************
 Defined at:
		line 74 in file "main.c"
 Parameters:    Size  Location     Type
		None
 Auto vars:     Size  Location     Type
		None
 Return value:  Size  Location     Type
                  1    wreg      void 
 Registers used:
		wreg, status,2, status,0, pclath, cstack
 Tracked objects:
		On entry : 
		On exit  : 
		Unchanged: 
 Data sizes:     COMMON   BANK0   BANK1   BANK2
      Params:         0       0       0       0
      Locals:         0       0       0       0
      Temps:          0       0       0       0
      Totals:         0       0       0       0
Total ram usage:        0 bytes
 Hardware stack levels used:    1
 Hardware stack levels required when called:    4
 This function calls:
		_PCA9685_reset
		_PCA9685_setAllOff
		_PCA9685_setPWMFreq
 This function is called by:
		_main
 This function uses a non-reentrant model


 *************** function _PCA9685_setPWMFreq *****************
 Defined at:
		line 18 in file "PCA9685_Lib.c"
 Parameters:    Size  Location     Type
  freq            2   12[COMMON] int 
 Auto vars:     Size  Location     Type
  prescale_val    1   41[BANK0 ] unsigned char 
 Return value:  Size  Location     Type
                  1    wreg      void 
 Registers used:
		wreg, status,2, status,0, pclath, cstack
 Tracked objects:
		On entry : 
		On exit  : 
		Unchanged: 
 Data sizes:     COMMON   BANK0   BANK1   BANK2
      Params:         2       0       0       0
      Locals:         0       1       0       0
      Temps:          0       1       0       0
      Totals:         2       2       0       0
Total ram usage:        4 bytes
 Hardware stack levels used:    1
 Hardware stack levels required when called:    2
 This function calls:
		_I2C_Write_Command
		___awtoft
		___ftadd
		___ftdiv
		___fttol
 This function is called by:
		_initLEDArray
 This function uses a non-reentrant model


 *************** function ___fttol *****************
 Defined at:
		line 44 in file "C:\Program Files (x86)\Microchip\xc8\v1.38\sources\common\fttol.c"
 Parameters:    Size  Location     Type
  f1              3   27[BANK0 ] float 
 Auto vars:     Size  Location     Type
  lval            4   35[BANK0 ] unsigned long 
  exp1            1   39[BANK0 ] unsigned char 
  sign1           1   34[BANK0 ] unsigned char 
 Return value:  Size  Location     Type
                  4   27[BANK0 ] long 
 Registers used:
		wreg, status,2, status,0
 Tracked objects:
		On entry : 
		On exit  : 
		Unchanged: 
 Data sizes:     COMMON   BANK0   BANK1   BANK2
      Params:         0       4       0       0
      Locals:         0       6       0       0
      Temps:          0       3       0       0
      Totals:         0      13       0       0
Total ram usage:       13 bytes
 Hardware stack levels used:    1
 This function calls:
		Nothing
 This function is called by:
		_PCA9685_setPWMFreq
 This function uses a non-reentrant model


 *************** function ___ftdiv *****************
 Defined at:
		line 56 in file "C:\Program Files (x86)\Microchip\xc8\v1.38\sources\common\ftdiv.c"
 Parameters:    Size  Location     Type
  f2              3    0[BANK0 ] float 
  f1              3    3[BANK0 ] float 
 Auto vars:     Size  Location     Type
  f3              3   10[BANK0 ] float 
  sign            1   14[BANK0 ] unsigned char 
  exp             1   13[BANK0 ] unsigned char 
  cntr            1    9[BANK0 ] unsigned char 
 Return value:  Size  Location     Type
                  3    0[BANK0 ] float 
 Registers used:
		wreg, status,2, status,0, pclath, cstack
 Tracked objects:
		On entry : 
		On exit  : 
		Unchanged: 
 Data sizes:     COMMON   BANK0   BANK1   BANK2
      Params:         0       6       0       0
      Locals:         0       6       0       0
      Temps:          0       3       0       0
      Totals:         0      15       0       0
Total ram usage:       15 bytes
 Hardware stack levels used:    1
 Hardware stack levels required when called:    1
 This function calls:
		___ftpack
 This function is called by:
		_PCA9685_setPWMFreq
 This function uses a non-reentrant model


 *************** function ___ftadd *****************
 Defined at:
		line 86 in file "C:\Program Files (x86)\Microchip\xc8\v1.38\sources\common\ftadd.c"
 Parameters:    Size  Location     Type
  f1              3   15[BANK0 ] float 
  f2              3   18[BANK0 ] float 
 Auto vars:     Size  Location     Type
  exp1            1   26[BANK0 ] unsigned char 
  exp2            1   25[BANK0 ] unsigned char 
  sign            1   24[BANK0 ] unsigned char 
 Return value:  Size  Location     Type
                  3   15[BANK0 ] float 
 Registers used:
		wreg, status,2, status,0, pclath, cstack
 Tracked objects:
		On entry : 
		On exit  : 
		Unchanged: 
 Data sizes:     COMMON   BANK0   BANK1   BANK2
      Params:         0       6       0       0
      Locals:         0       3       0       0
      Temps:          0       3       0       0
      Totals:         0      12       0       0
Total ram usage:       12 bytes
 Hardware stack levels used:    1
 Hardware stack levels required when called:    1
 This function calls:
		___ftpack
 This function is called by:
		_PCA9685_setPWMFreq
 This function uses a non-reentrant model


 *************** function ___awtoft *****************
 Defined at:
		line 32 in file "C:\Program Files (x86)\Microchip\xc8\v1.38\sources\common\awtoft.c"
 Parameters:    Size  Location     Type
  c               2    8[COMMON] int 
 Auto vars:     Size  Location     Type
  sign            1   11[COMMON] unsigned char 
 Return value:  Size  Location     Type
                  3    8[COMMON] float 
 Registers used:
		wreg, status,2, status,0, pclath, cstack
 Tracked objects:
		On entry : 
		On exit  : 
		Unchanged: 
 Data sizes:     COMMON   BANK0   BANK1   BANK2
      Params:         3       0       0       0
      Locals:         1       0       0       0
      Temps:          0       0       0       0
      Totals:         4       0       0       0
Total ram usage:        4 bytes
 Hardware stack levels used:    1
 Hardware stack levels required when called:    1
 This function calls:
		___ftpack
 This function is called by:
		_PCA9685_setPWMFreq
 This function uses a non-reentrant model


 *************** function ___ftpack *****************
 Defined at:
		line 62 in file "C:\Program Files (x86)\Microchip\xc8\v1.38\sources\common\float.c"
 Parameters:    Size  Location     Type
  arg             3    0[COMMON] unsigned um
  exp             1    3[COMMON] unsigned char 
  sign            1    4[COMMON] unsigned char 
 Auto vars:     Size  Location     Type
		None
 Return value:  Size  Location     Type
                  3    0[COMMON] float 
 Registers used:
		wreg, status,2, status,0
 Tracked objects:
		On entry : 
		On exit  : 
		Unchanged: 
 Data sizes:     COMMON   BANK0   BANK1   BANK2
      Params:         5       0       0       0
      Locals:         0       0       0       0
      Temps:          3       0       0       0
      Totals:         8       0       0       0
Total ram usage:        8 bytes
 Hardware stack levels used:    1
 This function calls:
		Nothing
 This function is called by:
		___awtoft
		___ftadd
		___ftdiv
 This function uses a non-reentrant model


 *************** function _PCA9685_setAllOff *****************
 Defined at:
		line 62 in file "PCA9685_Lib.c"
 Parameters:    Size  Location     Type
		None
 Auto vars:     Size  Location     Type
  i               2    0[BANK0 ] int 
 Return value:  Size  Location     Type
                  1    wreg      void 
 Registers used:
		wreg, status,2, status,0, pclath, cstack
 Tracked objects:
		On entry : 
		On exit  : 
		Unchanged: 
 Data sizes:     COMMON   BANK0   BANK1   BANK2
      Params:         0       0       0       0
      Locals:         0       2       0       0
      Temps:          1       0       0       0
      Totals:         1       2       0       0
Total ram usage:        3 bytes
 Hardware stack levels used:    1
 Hardware stack levels required when called:    3
 This function calls:
		_PCA9685_setPWM_Full
 This function is called by:
		_initLEDArray
		_main
 This function uses a non-reentrant model


 *************** function _PCA9685_reset *****************
 Defined at:
		line 74 in file "PCA9685_Lib.c"
 Parameters:    Size  Location     Type
		None
 Auto vars:     Size  Location     Type
		None
 Return value:  Size  Location     Type
                  1    wreg      void 
 Registers used:
		wreg, status,2, status,0, pclath, cstack
 Tracked objects:
		On entry : 
		On exit  : 
		Unchanged: 
 Data sizes:     COMMON   BANK0   BANK1   BANK2
      Params:         0       0       0       0
      Locals:         0       0       0       0
      Temps:          0       0       0       0
      Totals:         0       0       0       0
Total ram usage:        0 bytes
 Hardware stack levels used:    1
 Hardware stack levels required when called:    2
 This function calls:
		_I2C_Write_Command
 This function is called by:
		_initLEDArray
 This function uses a non-reentrant model


 *************** function _PLED_setDC *****************
 Defined at:
		line 64 in file "main.c"
 Parameters:    Size  Location     Type
  setDC           2    0[BANK0 ] unsigned int 
 Auto vars:     Size  Location     Type
		None
 Return value:  Size  Location     Type
                  2    0[BANK0 ] unsigned int 
 Registers used:
		wreg, status,2, status,0, pclath, cstack
 Tracked objects:
		On entry : 
		On exit  : 
		Unchanged: 
 Data sizes:     COMMON   BANK0   BANK1   BANK2
      Params:         0       2       0       0
      Locals:         0       0       0       0
      Temps:          0       4       0       0
      Totals:         0       6       0       0
Total ram usage:        6 bytes
 Hardware stack levels used:    1
 Hardware stack levels required when called:    1
 This function calls:
		___lwdiv
		___wmul
 This function is called by:
		_main
 This function uses a non-reentrant model


 *************** function ___wmul *****************
 Defined at:
		line 15 in file "C:\Program Files (x86)\Microchip\xc8\v1.38\sources\common\Umul16.c"
 Parameters:    Size  Location     Type
  multiplier      2    0[COMMON] unsigned int 
  multiplicand    2    2[COMMON] unsigned int 
 Auto vars:     Size  Location     Type
  product         2    4[COMMON] unsigned int 
 Return value:  Size  Location     Type
                  2    0[COMMON] unsigned int 
 Registers used:
		wreg, status,2, status,0
 Tracked objects:
		On entry : 
		On exit  : 
		Unchanged: 
 Data sizes:     COMMON   BANK0   BANK1   BANK2
      Params:         4       0       0       0
      Locals:         2       0       0       0
      Temps:          0       0       0       0
      Totals:         6       0       0       0
Total ram usage:        6 bytes
 Hardware stack levels used:    1
 This function calls:
		Nothing
 This function is called by:
		_PLED_setDC
 This function uses a non-reentrant model


 *************** function ___lwdiv *****************
 Defined at:
		line 6 in file "C:\Program Files (x86)\Microchip\xc8\v1.38\sources\common\lwdiv.c"
 Parameters:    Size  Location     Type
  divisor         2    6[COMMON] unsigned int 
  dividend        2    8[COMMON] unsigned int 
 Auto vars:     Size  Location     Type
  quotient        2   10[COMMON] unsigned int 
  counter         1   12[COMMON] unsigned char 
 Return value:  Size  Location     Type
                  2    6[COMMON] unsigned int 
 Registers used:
		wreg, status,2, status,0
 Tracked objects:
		On entry : 
		On exit  : 
		Unchanged: 
 Data sizes:     COMMON   BANK0   BANK1   BANK2
      Params:         4       0       0       0
      Locals:         3       0       0       0
      Temps:          0       0       0       0
      Totals:         7       0       0       0
Total ram usage:        7 bytes
 Hardware stack levels used:    1
 This function calls:
		Nothing
 This function is called by:
		_PLED_setDC
 This function uses a non-reentrant model


 *************** function _PCA9685_setPWM_Simple *****************
 Defined at:
		line 52 in file "PCA9685_Lib.c"
 Parameters:    Size  Location     Type
  led             1    wreg     unsigned char 
  value           2   12[COMMON] int 
 Auto vars:     Size  Location     Type
  led             1    0[BANK0 ] unsigned char 
 Return value:  Size  Location     Type
                  1    wreg      void 
 Registers used:
		wreg, status,2, status,0, pclath, cstack
 Tracked objects:
		On entry : 
		On exit  : 
		Unchanged: 
 Data sizes:     COMMON   BANK0   BANK1   BANK2
      Params:         2       0       0       0
      Locals:         0       1       0       0
      Temps:          0       0       0       0
      Totals:         2       1       0       0
Total ram usage:        3 bytes
 Hardware stack levels used:    1
 Hardware stack levels required when called:    3
 This function calls:
		_PCA9685_setPWM_Full
 This function is called by:
		_main
 This function uses a non-reentrant model


 *************** function _PCA9685_setAll *****************
 Defined at:
		line 68 in file "PCA9685_Lib.c"
 Parameters:    Size  Location     Type
  value           2   12[COMMON] int 
 Auto vars:     Size  Location     Type
  i               2    1[BANK0 ] int 
 Return value:  Size  Location     Type
                  1    wreg      void 
 Registers used:
		wreg, status,2, status,0, pclath, cstack
 Tracked objects:
		On entry : 
		On exit  : 
		Unchanged: 
 Data sizes:     COMMON   BANK0   BANK1   BANK2
      Params:         2       0       0       0
      Locals:         0       2       0       0
      Temps:          0       1       0       0
      Totals:         2       3       0       0
Total ram usage:        5 bytes
 Hardware stack levels used:    1
 Hardware stack levels required when called:    3
 This function calls:
		_PCA9685_setPWM_Full
 This function is called by:
		_main
 This function uses a non-reentrant model


 *************** function _PCA9685_setPWM_Full *****************
 Defined at:
		line 34 in file "PCA9685_Lib.c"
 Parameters:    Size  Location     Type
  led             1    wreg     unsigned char 
  on_value        2    5[COMMON] int 
  off_value       2    7[COMMON] int 
 Auto vars:     Size  Location     Type
  led             1   11[COMMON] unsigned char 
 Return value:  Size  Location     Type
                  1    wreg      void 
 Registers used:
		wreg, status,2, status,0, pclath, cstack
 Tracked objects:
		On entry : 
		On exit  : 
		Unchanged: 
 Data sizes:     COMMON   BANK0   BANK1   BANK2
      Params:         4       0       0       0
      Locals:         1       0       0       0
      Temps:          2       0       0       0
      Totals:         7       0       0       0
Total ram usage:        7 bytes
 Hardware stack levels used:    1
 Hardware stack levels required when called:    2
 This function calls:
		_I2C_Write_Command
 This function is called by:
		_PCA9685_setPWM_Simple
		_PCA9685_setAllOff
		_PCA9685_setAll
 This function uses a non-reentrant model


 *************** function _I2C_Write_Command *****************
 Defined at:
		line 10 in file "PCA9685_Lib.c"
 Parameters:    Size  Location     Type
  Command         1    wreg     unsigned char 
  Data            1    3[COMMON] unsigned char 
 Auto vars:     Size  Location     Type
  Command         1    4[COMMON] unsigned char 
 Return value:  Size  Location     Type
                  1    wreg      void 
 Registers used:
		wreg, status,2, status,0, pclath, cstack
 Tracked objects:
		On entry : 
		On exit  : 
		Unchanged: 
 Data sizes:     COMMON   BANK0   BANK1   BANK2
      Params:         1       0       0       0
      Locals:         1       0       0       0
      Temps:          0       0       0       0
      Totals:         2       0       0       0
Total ram usage:        2 bytes
 Hardware stack levels used:    1
 Hardware stack levels required when called:    1
 This function calls:
		_I2C_Start
		_I2C_Stop
		_I2C_Write_Byte
 This function is called by:
		_PCA9685_setPWMFreq
		_PCA9685_setPWM_Full
		_PCA9685_reset
 This function uses a non-reentrant model


 *************** function _I2C_Write_Byte *****************
 Defined at:
		line 92 in file "I2C.c"
 Parameters:    Size  Location     Type
  Byte            1    wreg     unsigned char 
 Auto vars:     Size  Location     Type
  Byte            1    1[COMMON] unsigned char 
  i               1    2[COMMON] unsigned char 
 Return value:  Size  Location     Type
		None               void
 Registers used:
		wreg, status,2, status,0
 Tracked objects:
		On entry : 
		On exit  : 
		Unchanged: 
 Data sizes:     COMMON   BANK0   BANK1   BANK2
      Params:         0       0       0       0
      Locals:         2       0       0       0
      Temps:          1       0       0       0
      Totals:         3       0       0       0
Total ram usage:        3 bytes
 Hardware stack levels used:    1
 This function calls:
		Nothing
 This function is called by:
		_I2C_Write_Command
 This function uses a non-reentrant model


 *************** function _I2C_Stop *****************
 Defined at:
		line 48 in file "I2C.c"
 Parameters:    Size  Location     Type
		None
 Auto vars:     Size  Location     Type
		None
 Return value:  Size  Location     Type
                  1    wreg      void 
 Registers used:
		None
 Tracked objects:
		On entry : 
		On exit  : 
		Unchanged: 
 Data sizes:     COMMON   BANK0   BANK1   BANK2
      Params:         0       0       0       0
      Locals:         0       0       0       0
      Temps:          0       0       0       0
      Totals:         0       0       0       0
Total ram usage:        0 bytes
 Hardware stack levels used:    1
 This function calls:
		Nothing
 This function is called by:
		_I2C_Write_Command
 This function uses a non-reentrant model


 *************** function _I2C_Start *****************
 Defined at:
		line 20 in file "I2C.c"
 Parameters:    Size  Location     Type
		None
 Auto vars:     Size  Location     Type
		None
 Return value:  Size  Location     Type
                  1    wreg      void 
 Registers used:
		None
 Tracked objects:
		On entry : 
		On exit  : 
		Unchanged: 
 Data sizes:     COMMON   BANK0   BANK1   BANK2
      Params:         0       0       0       0
      Locals:         0       0       0       0
      Temps:          0       0       0       0
      Totals:         0       0       0       0
Total ram usage:        0 bytes
 Hardware stack levels used:    1
 This function calls:
		Nothing
 This function is called by:
		_I2C_Write_Command
 This function uses a non-reentrant model


 *************** function _InitPWM *****************
 Defined at:
		line 54 in file "main.c"
 Parameters:    Size  Location     Type
		None
 Auto vars:     Size  Location     Type
		None
 Return value:  Size  Location     Type
                  1    wreg      void 
 Registers used:
		wreg, status,2
 Tracked objects:
		On entry : 
		On exit  : 
		Unchanged: 
 Data sizes:     COMMON   BANK0   BANK1   BANK2
      Params:         0       0       0       0
      Locals:         0       0       0       0
      Temps:          0       0       0       0
      Totals:         0       0       0       0
Total ram usage:        0 bytes
 Hardware stack levels used:    1
 This function calls:
		Nothing
 This function is called by:
		_main
 This function uses a non-reentrant model


 *************** function _InitI2C *****************
 Defined at:
		line 4 in file "I2C.c"
 Parameters:    Size  Location     Type
		None
 Auto vars:     Size  Location     Type
		None
 Return value:  Size  Location     Type
                  1    wreg      void 
 Registers used:
		None
 Tracked objects:
		On entry : 
		On exit  : 
		Unchanged: 
 Data sizes:     COMMON   BANK0   BANK1   BANK2
      Params:         0       0       0       0
      Locals:         0       0       0       0
      Temps:          0       0       0       0
      Totals:         0       0       0       0
Total ram usage:        0 bytes
 Hardware stack levels used:    1
 This function calls:
		Nothing
 This function is called by:
		_main
 This function uses a non-reentrant model


 *************** function _InitCCT *****************
 Defined at:
		line 41 in file "main.c"
 Parameters:    Size  Location     Type
		None
 Auto vars:     Size  Location     Type
		None
 Return value:  Size  Location     Type
                  1    wreg      void 
 Registers used:
		wreg, status,2
 Tracked objects:
		On entry : 
		On exit  : 
		Unchanged: 
 Data sizes:     COMMON   BANK0   BANK1   BANK2
      Params:         0       0       0       0
      Locals:         0       0       0       0
      Temps:          0       0       0       0
      Totals:         0       0       0       0
Total ram usage:        0 bytes
 Hardware stack levels used:    1
 This function calls:
		Nothing
 This function is called by:
		_main
 This function uses a non-reentrant model



MODULE INFORMATION

Module		Function		Class		Link	Load	Size
C:\Program Files (x86)\Microchip\xc8\v1.38\sources\common\float.c
		___ftpack      		CODE           	037F	0000	63

C:\Program Files (x86)\Microchip\xc8\v1.38\sources\common\float.c estimated size: 63

C:\Program Files (x86)\Microchip\xc8\v1.38\sources\common\Umul16.c
		___wmul        		CODE           	0292	0000	22

C:\Program Files (x86)\Microchip\xc8\v1.38\sources\common\Umul16.c estimated size: 22

I2C.c
		_I2C_Stop      		CODE           	0246	0000	9
		_InitI2C       		CODE           	023E	0000	9
		_I2C_Write_Byte		CODE           	0320	0000	44
		_I2C_Start     		CODE           	0260	0000	11

I2C.c estimated size: 73

C:\Program Files (x86)\Microchip\xc8\v1.38\sources\common\ftdiv.c
		___ftdiv       		CODE           	04D2	0000	93

C:\Program Files (x86)\Microchip\xc8\v1.38\sources\common\ftdiv.c estimated size: 93

C:\Program Files (x86)\Microchip\xc8\v1.38\sources\common\lwdiv.c
		___lwdiv       		CODE           	02FB	0000	38

C:\Program Files (x86)\Microchip\xc8\v1.38\sources\common\lwdiv.c estimated size: 38

C:\Program Files (x86)\Microchip\xc8\v1.38\sources\common\fttol.c
		___fttol       		CODE           	03BD	0000	84

C:\Program Files (x86)\Microchip\xc8\v1.38\sources\common\fttol.c estimated size: 84

shared
		PL12           		CODE           	07CE	0000	6
		PL8            		CODE           	07C8	0000	7
		PL14           		CODE           	052E	0000	5
		PL16           		CODE           	04CD	0000	6
		__initialization		CODE           	07D3	0000	44
		PL2            		CODE           	07BC	0000	8
		PL10           		CODE           	05DE	0000	7
		PL4            		CODE           	0410	0000	8
		PL6            		CODE           	07C3	0000	6

shared estimated size: 97

C:\Program Files (x86)\Microchip\xc8\v1.38\sources\common\awtoft.c
		___awtoft      		CODE           	02A7	0000	28

C:\Program Files (x86)\Microchip\xc8\v1.38\sources\common\awtoft.c estimated size: 28

C:\Program Files (x86)\Microchip\xc8\v1.38\sources\common\ftadd.c
		___ftadd       		CODE           	0532	0000	173

C:\Program Files (x86)\Microchip\xc8\v1.38\sources\common\ftadd.c estimated size: 173

main.c
		_InitCCT       		CODE           	0276	0000	14
		_main          		CODE           	05E4	0000	473
		_InitPWM       		CODE           	0283	0000	16
		_initLEDArray  		CODE           	023A	0000	5
		_PLED_setDC    		CODE           	034B	0000	53

main.c estimated size: 561

PCA9685_Lib.c
		_PCA9685_setPWM_Full		CODE           	0417	0000	94
		_PCA9685_setAllOff		CODE           	02C2	0000	29
		_PCA9685_reset 		CODE           	026A	0000	13
		_PCA9685_setAll		CODE           	02DE	0000	30
		_I2C_Write_Command		CODE           	024E	0000	10
		_PCA9685_setPWMFreq		CODE           	0474	0000	90
		_PCA9685_setPWM_Simple		CODE           	0257	0000	10

PCA9685_Lib.c estimated size: 276

